  54.00-  55.30  I don't want to wait, yo.
  56.96-  57.96  I don't want to wait.
  58.84-  60.98  I don't want to wait.
  61.06-  66.80  Maybe you just got here now, but if I'm listening to you, you're in a space where you kind of want to get away from all the problems and the drama.
  67.12-  73.78  But I've seen you on your streams and stuff when you're talking about the gambling stuff with Offset and just different, even the Kai Cenat stuff.
  74.08-  77.70  And it brings the drama and the conversation to you at the same time.
  77.76-  79.50  Why do you do that if you feel like this?
  79.50-  85.08  Okay, sometimes I be feeling like so passionate, like people are going to understand me.
  85.20-  88.22  And then I'll be like, you know, the team will be like, never speak, never speak.
  88.32-  89.34  But I'll be like, but I got a point.
  89.74-  90.42  Like, you feel me?
  90.72-  92.68  Like, yo, Word 2, I put it like this, right?
  92.96-  93.76  I ain't going to lie.
  93.84-  96.78  What I thought the world was going to be like, Offset, you a bum ass nigga.
  97.02-  97.42  Feel me?
  97.52-  99.44  Because, bro, Word 2, I got rappers.
  99.68- 101.02  Bro, the whole industry is in my DM.
 101.10- 102.08  You see how a couple niggas came out?
 102.34- 103.24  Everybody in my DM laughing.
 103.48- 104.52  Ha ha, Offset owe me bread too.
 104.60- 105.66  The whole world is in my DM.
 105.74- 106.52  Offset owe me bread.
 106.62- 107.06  La la la.
 107.32- 107.74  Feel me?
 107.90- 109.48  So I'm like, bro, I'm over here.
 109.50- 110.18  I asked you for my bread.
 110.22- 112.28  You keep texting me angry texts about getting in blood.
 112.34- 113.48  I'm like, you wilding, broski.
 113.56- 114.30  So I'm thinking it's funny.
 114.42- 116.72  Like, if Offset's a bum, he over here taking people's bread, running off.
 117.10- 118.06  Hey, bro, I'll get it back in blood.
 118.42- 119.24  I'm like, damn.
 119.66- 121.86  Nigga, I thought y'all was going to film me.
 121.90- 122.10  Feel me?
 123.06- 123.80  How much did you owe you?
 124.18- 124.98  It was 10K.
 125.04- 125.76  It was nothing, bro.
 126.02- 128.10  I threw it in the strip club whenever I want to.
 128.22- 128.30  That's a lot of money.
 128.40- 129.12  That's still 10K.
 129.12- 131.94  All right, but it's not enough for me to hate you, bro.
 132.04- 133.84  I just feel like you just maxed disrespecting me.
 133.90- 135.28  But kudos to you, bro, for me.
 135.28- 138.52  I mean, y'all cool like that to just say here's 10K?
 138.82- 141.58  I didn't think 10K was that 10K in his eyes.
 141.64- 143.10  Like, I didn't think it was a runoff type of 10K.
 143.30- 144.98  Was y'all in the casino together or something?
 145.18- 146.46  Yeah, I wasn't even better than him.
 146.52- 147.38  Like, he lost his money.
 147.44- 148.14  He was acting.
 148.34- 148.74  Let me tell you what happened.
 148.86- 149.50  He was acting.
 150.00- 154.90  A fucking lady. Like, auntie, auntie, let me get you cash. He's calling everybody on his phone. Nobody giving him no bread.
 155.20- 159.82  He's asking the ladies, like, regular people. Like, they look like they work nine to five jobs, like, not no rich people.
 160.10- 164.52  And he getting them, talking about my cash app, you in the morning. I'm like, you fake tweaking, gang.
 164.68- 169.00  I don't know what make me jump in that algorithm. I don't know. I'll give it as a five, a next five.
 169.34- 171.96  I probably hit him back for it for mad long. You feel me?
 172.08- 177.94  It was, I swear to God, everybody probably telling me. Everybody telling me, like, yo, bro, he playing with you.
 177.94- 185.10  I didn't even care. I didn't even care. But then when I fake hit him about it, bro, you fake super tough.
 185.18- 186.36  I'm like, yo, you tweaking, broski.
 186.94- 191.26  But was you fake hitting him about it? Were you like, yo, y'all really want my money? You sitting here losing everybody else's money.
 191.50- 195.60  No, no, no. I fake probably, like, got spun off, like, ten times, blah, blah, blah.
 195.78- 197.68  And then one day he was in the strip club. He just made it rain on everybody.
 198.32- 199.66  He made it rain on the whole club.
 200.42- 201.06  That's the worst.
 201.34- 202.68  Can I tell you something, broski?
 203.44- 205.68  I don't really like saying stupid shit, feel me?
 206.10- 207.24  But when I tell you, bro.
 208.00- 211.84  Everybody looking at me like, you going to let him play? I'm like, leave him, bro.
 212.02- 212.98  This guy is tanking.
 212.98- 213.82  It be on people sometimes.
 214.32- 214.68  It's the image.
 214.90- 215.54  It's the image.
 215.90- 219.32  Now, if that story is true, though, it is fucked up when somebody owe you money.
 219.38- 219.90  And you're like, yo, you.
 220.20- 222.12  Bro, the whole world is telling you.
 222.12- 222.92  You owe me money.
 222.92- 224.72  When no one was coming down, you was tight.
 224.96- 226.38  And at that point, it ain't about the money.
 226.58- 227.32  It's about the respect.
 227.38- 228.28  But now, I'm not even tripping.
 228.28- 229.82  I'm like, damn, I'm the biggest bitch.
 255.00- 257.00  Like, I'm not doing that.
 257.28- 259.08  But y'all, but you and Offset could be cool, though.
 259.48- 260.04  Hell yeah.
 260.08- 260.48  Any day.
 260.58- 265.12  He probably, like, and his fans or whatever, he about, I don't know, bro, I'm working
 265.12- 266.12  off this music game.
 266.30- 267.24  I'm trying to go up.
 267.68- 270.56  Is the beef too far with certain people to totally squash?
 270.66- 271.96  Because you said you don't want beef with nobody, right?
 272.04- 274.32  Is it too far to say, you know what?
 274.38- 275.26  Let's end it right here.
 275.36- 276.20  We all making money.
 276.26- 277.18  We all going our own way.
 277.22- 278.10  We all got our own crew.
 278.18- 279.26  Pull me up on it.
 279.76- 280.58  Pull me up on it.
 280.66- 281.16  I ain't tripping.
 281.38- 284.98  I ain't got no beef with, I don't want, now I'm not going to say I don't got, because
 284.98- 286.58  I don't know how anybody looks at me, you know what I'm saying?
 286.66- 287.54  I don't know how everybody looks at me.
 287.68- 290.24  Because the first beef, they say you and A Boogie, but y'all do so much.
 290.24- 291.16  Y'all so big for New York.
 291.74- 292.02  Boom.
 292.78- 294.16  Tell A Boogie to come give me a hug.
 294.20- 295.54  I ain't tripping on that shit, man.
 295.86- 296.56  Offset, I love that.
 296.62- 297.16  What about Offset?
 297.74- 299.38  Offset, I'm not tripping on Offset.
 299.50- 300.24  Offset, you know what's crazy?
 300.42- 303.20  Offset, Offset, I don't know what's up with Offset.
 303.26- 305.20  Offset just need to come give me a hug, too, man.
 305.28- 305.64  I ain't.
 305.86- 308.10  Now, was that over a gambling thing?
 308.36- 309.36  Nothing happened with us.
 309.42- 311.52  I think that my lawyer got to figure that shit out, right?
 311.60- 312.34  My lawyer told me so.
 312.34- 313.40  Now, I'm not even talking about that.
 313.48- 315.92  I'm just talking about why y'all don't like each other.
 315.96- 316.84  Was that over a gambling thing?
 317.04- 320.98  I think that, yeah, I mean, I think that a lot of people don't like Offset because he
 320.98- 322.48  has some gambling problems.
 322.76- 324.44  Me, I wouldn't even say I don't like him.
 324.64- 326.48  I would say I kind of feel bad for him.
 326.70- 327.80  He's kind of fucked up.
 328.28- 330.26  I kind of see what's going on, you feel me?
 330.34- 331.76  I see it clear as day, you know?
 331.80- 335.06  And I also look at him, like, you're supposed to be, like, a more established, mature,
 335.26- 336.94  in this space artist than me, you feel me?
 337.04- 339.78  And I look at how I maneuver, like, my security.
 340.34- 342.16  I look at everything, kind of, like, everything.
 342.34- 343.30  I can see with my own two eyes.
 343.42- 346.28  And then when we run into each other, like, I realize, I'm like, bro, you ain't moving
 346.28- 346.68  like that.
 346.74- 349.84  God, bro, this shit look, like, a little sad, you know what I mean?
 424.36- 427.80  How long did it take you to, like, get up and start moving regularly?
 427.80- 428.94  I was, yo, you want to know something?
 429.24- 429.36  What?
 429.58- 430.48  You think I'm lying.
 431.62- 432.28  All right, cool.
 432.36- 433.08  Which means you probably are.
 435.36- 438.08  Yo, where's, I know how crazy it's going to sound.
 438.42- 439.84  Look, I was on my feet.
 439.86- 443.10  I was on my feet probably, like, from the moment I could, like,
 443.14- 445.60  from the moment I was alert and I just tried to get on my feet,
 445.64- 446.22  I got on my feet.
 446.32- 449.08  And I got into, I was going to say a fight, but damn near,
 449.20- 451.22  with the doctor for getting on my feet.
 451.26- 452.08  He caught me on my feet.
 452.20- 453.48  You were in a coma for five days.
 453.48- 455.14  I'm like, yo, I got to stand up.
 455.34- 456.00  La, la, la.
 456.24- 457.66  And, nigga, he spanked me out.
 459.04- 459.94  He spanked you out?
 461.48- 462.72  What did that mean?
 463.36- 463.84  The doctor spanked you?
 463.84- 466.86  No, I got into it with the doctor because I was trying to get up on my feet
 466.86- 468.62  and he was telling me, yo, Chev, like, feel me?
 468.72- 470.34  What's going on in this fight?
 471.08- 472.22  He said he spanked you.
 472.32- 474.98  You know when you're in the hospital, you got the fucking gown on.
 475.30- 476.22  You see what he be thinking?
 476.32- 477.54  You see what he be thinking?
 478.34- 479.68  You see what he be thinking?
 479.68- 480.76  He spanked you, bro.
 480.82- 481.90  Nah, we got to tell him.
 625.00- 628.30  Sometimes I be around the bros and I be like, bro, y'all annoying me.
 628.40- 628.66  You feel me?
 628.74- 629.26  And they know that.
 629.28- 629.80  They know that.
 629.86- 630.28  We talk to them.
 630.34- 631.10  I be like, I love y'all, bro.
 631.16- 632.00  I want y'all to do better, bro.
 632.06- 633.00  But y'all is annoying.
 633.12- 633.72  Y'all in the way.
 633.86- 634.28  You feel me?
 634.34- 638.56  But to a certain extent, you just kind of like, you need to balance it.
 638.60- 639.94  It's just because I can't change.
 640.06- 641.24  This is like my life.
 641.28- 642.74  Like, this is like, you feel me?
 642.90- 644.12  You know, but this is how I feel.
 644.22- 646.16  You'll be singing a totally different tune in five years.
 647.04- 647.32  Guaranteed.
 647.78- 648.34  Hopefully so.
 648.46- 649.22  You feel me?
 649.34- 652.98  But you had a conversation with 50, and I heard you say you speak to him after you got
 652.98- 653.94  shot before, right?
 653.94- 654.54  Yeah.
 655.22- 658.08  He's the perfect example of that, because he had the same thing.
 658.16- 660.62  He couldn't, any way he moved, it was on his ass.
 660.72- 663.02  And he had to move militant in a way where it protected him.
 663.06- 664.88  How would those conversations have happened or worked?
 665.64- 666.48  With 50 Cent?
 666.64- 666.78  Yeah.
 667.00- 671.14  You know, I just, I feel like me and 50 Cent is a little different, though.
 671.58- 672.18  You feel me?
 672.24- 675.60  And it's crazy, though, because I did that little old 50 Cent, Many Men remix.
 675.68- 675.94  I don't know.
 675.96- 676.54  Niggas gasped me.
 676.62- 678.48  I just went high as fuck.
 678.52- 679.12  I pressed upload.
 679.38- 680.62  Niggas like, what the fuck is that?
 681.12- 681.58  You feel me?
 682.22- 682.54  Nigga.
 682.54- 683.40  But in reality.
 683.94- 685.10  I do feel like we different.
 685.24- 690.16  It's certain things, for example, that like, you know, it's just like, it's just my shoes.
 691.08- 691.82  You feel me?
 692.00- 695.60  And I feel like 50 Cent just did certain things that I just probably wouldn't do in my life.
 695.76- 696.04  Like what?
 698.12- 703.28  I think that 50 Cent is like the big, like, gangster image, like, you feel me?
 703.40- 705.60  A role model of the rap career.
 705.68- 709.66  And it's like almost even me, like, being a younger person, I was, like, falling into it a little bit.
 709.72- 710.94  Like, you know, I fuck with 50 too.
 711.12- 711.66  You feel me?
 711.72- 712.12  Like, yeah, yeah.
 712.20- 717.98  But then when I actually use my own two eyes and I'm like, all right, a lot of the shit he do, I feel like at his age, I would not be doing.
 718.36- 719.10  You know what I'm trying to say?
 719.36- 721.76  I feel like I get way more pass from 24, 25.
 722.14- 722.62  You feel me?
 722.74- 724.04  A lot of the shit he do, I would not do.
 724.18- 724.40  You feel me?
 724.42- 724.72  I'm trying to say.
 725.20- 727.58  Like you said, he too old for the trolling that he does.
 727.66- 727.98  Yeah.
 728.16- 728.64  You feel me?
 729.38- 730.86  He got me on 25 years.
 731.12- 731.88  You feel me, son?
 732.60- 735.56  I feel like he didn't come down to this level and troll me right now.
 737.08- 738.24  It was Big 50.
 738.56- 739.60  That's what he want to do.
 744.44- 745.84  You all finished or y'all done?
DONE
