 360.78- 367.70  It's crazy though, like today, day and age, like, yeah, I be catching myself like, oh, that PTSD done worn off.
 368.40- 369.42  It worn off already?
 369.68- 371.70  Yeah, I ain't gonna lie, it got like a lot better.
 371.92- 373.74  It was bad, it was bad, you feel me?
 374.06- 375.24  It was bad, you feel me?
 375.74- 378.34  And like, it's like, it feels like a lot better right now.
 378.38- 379.66  I'm like a lot more like, you know.
 379.84- 380.78  Did you do something for it?
 380.82- 381.32  Like therapy?
 381.70- 382.52  I ain't do nothing.
 382.74- 384.34  Like, I'm like kind of like an introvert.
 384.40- 386.90  I ain't do physical therapy, I ain't do mental therapy.
 386.94- 389.14  I just got the fuck away from everybody and just.
 390.02- 390.70  Figured it out.
 390.86- 391.92  So you just isolated yourself.
 392.34- 392.52  Yep.
 392.78- 394.36  You were biased off the whole time.
 394.62- 395.26  Yeah, basically.
 395.54- 395.66  Yeah.
 395.92- 398.22  Do you move differently now with that situation happening?
 398.42- 399.78  Because that's a scary situation.
 399.98- 404.56  Most people don't live off of one shot, but the fact that you were hit seven times is very serious.
 404.68- 406.18  And actually, you know what's crazy though?
 406.40- 407.80  I actually might have been more.
 407.86- 408.94  You know, in the hospital reports say more.
 409.70- 412.72  The news headline, seven, and I just let it rock.
 412.86- 413.68  I just left it with seven.
 413.78- 414.78  I ain't fucking with you on seven.
 414.80- 415.54  How many times was it though?
 416.10- 417.20  It was like eight, nine.
 417.28- 417.68  But you know this?
 417.88- 419.98  I got fucking mad holes and shit.
 420.00- 422.88  So I damn near don't even think the doctors know because some of them shit was going through me.
 423.40- 423.80  You feel me?
 480.00- 480.74  He spanked you, bro.
 480.84- 482.86  Nah, we gotta tell y'all what I want to.
 483.78- 488.22  Listen, do you think trauma changes people or just reveals who they already were?
 489.40- 491.96  Nah, it can super change you.
 492.06- 492.74  You feel me?
 492.82- 495.36  It can super change me, change you as a person.
 495.44- 495.92  You know what I'm saying?
 496.46- 502.74  And I feel like what the world's seeing was me go through something traumatic and me change in front of them.
 502.86- 506.34  And then I feel like they judge me a little cruelly, but it's over now.
 506.54- 508.64  But I think that's kind of what happened, what was going on.
 509.28- 511.76  I see your call call you inspirational, right?
 511.84- 513.88  But then they'll see the headlines with the bullshit.
 514.08- 518.28  Do you feel misunderstood or do you think you've made it easy for people to misunderstand you?
 518.52- 523.52  I think a lot of people misunderstand me and I think a lot of people 100% understand me.
 523.68- 530.38  And the people that understand me might not have as much of a voice in a comment section or a headline.
 531.46- 532.20  You know what I'm saying?
 532.38- 536.06  But I think a lot of people understand me to a certain extent.
 536.32- 538.28  But the reason why the name of the album is,
 538.28- 546.06  They Just Ain't True, is I realize the way I think from the ground up is very different to the average person.
 546.28- 546.68  We definitely...
 547.00- 549.62  Did you really remove a bullet out your neck?
 550.02- 551.46  Yeah, while I was wide awoke.
 551.60- 554.18  Because you didn't want to go back under anesthesia.
 554.22- 556.54  You did it with a scalpel and numbing cream.
 556.74- 559.06  I didn't do it, but the doctor did it and I was wide awoke
 559.06- 560.58  and I'm like, nah, I'm not going to sleep.
 561.64- 563.10  That changes the whole story.
 563.22- 564.58  I thought you was on some Rambo shit.
 565.48- 566.44  I ain't never said that.
 567.02- 568.08  I was catching it.
 568.12- 569.14  You said, I didn't.
 569.14- 569.68  Nah, I don't know.
 570.86- 571.92  I ain't fried like that.
 573.88- 576.12  You just said that you spent a lot of time alone.
 576.12- 576.94  Alone, right?
 576.94- 580.60  And sometimes you got to do that even with the people you come from.
 580.66- 581.68  Because I feel safe alone.
 582.04- 585.44  I feel like me chilling with you might be a liability for me.
 585.62- 587.86  Just because we just live two different lifestyles
 587.86- 590.30  and I think differently from ground up than you,
 590.36- 592.68  you might put me in harm's way and not even realize it.
 592.74- 594.12  So cut them people off.
 594.32- 595.46  No, but that's you.
 596.04- 596.86  It could be you.
 596.90- 598.22  It could be you, Charlamagne, right now.
 598.76- 599.98  Charlamagne ain't going to put you in a place
 599.98- 601.40  where you feel like your life is straightened out.
 601.66- 602.78  Envy ain't going to put you in a place
 602.78- 603.48  where you feel like your life is straightened out.
 603.62- 603.98  Intentionally.
 604.04- 605.34  No, we got too much to lose.
 605.56- 606.10  I don't know.
 606.12- 607.70  I don't want to sound tough or none of that,
 607.76- 610.58  but I'm dramatically different from the average person.
 610.76- 610.98  You feel me?
 611.28- 613.52  It's to a certain extent the security don't even got it
 613.52- 614.86  in him nine times out of ten.
 615.34- 615.94  You feel me?
 616.02- 616.44  What I'm going to do?
 616.50- 617.44  I'm going to put you to the test.
 617.54- 619.04  You'll go in the street and let me see you
 619.50- 620.54  in an extreme situation.
 620.84- 621.18  You feel me?
 622.28- 624.90  Sometimes you got to fight fire with fire.
DONE
