Warning: You are sending unauthenticated requests to the HF Hub. Please set a HF_TOKEN to enable higher rate limits and faster downloads.
   0.00-   1.42  How you been? How's everything with you?
   1.62-   7.60  I've been chill. I think I just kind of like, um, just like settling in adulthood right now.
   7.72-  11.26  What does it mean when you say you fully settled into adulthood now?
  12.64-  18.64  Um, what I mean by that is, I feel like, like, I feel like even like the sense of humor and the stupidity,
  18.64-  23.52  like certain things, like I just like, like my immature side is kind of like calming down.
  23.66-  26.90  I feel like, you know, I think look at things a little more serious now.
  26.90-  30.38  Because people think that you're just a poster child for being a crash out.
  31.14-  32.46  Yeah, because they don't understand me.
  33.42-  35.34  They don't even hear nothing.
  35.46-  38.58  You know, everything is just like a big-ass, like, whatever the signs say,
  38.66-  39.86  headline, and then that's it.
  39.96-  40.32  You feel me?
  40.68-  41.56  For the most part.
  41.92-  44.18  Well, even when you do look back at the headlines, if you see the video,
  44.34-  47.22  and it's like, you know, you kind of cosign in everything that the headline says.
  47.98-  52.42  The last situation you was in, we saw you leaving the jailhouse wild.
  52.54-  53.04  Courthouse, yeah.
  53.94-  55.30  I was on the way, yo.
  57.02-  57.94  I don't want to wait.
  58.86-  60.50  I don't want to wait.
  60.94-  63.88  Maybe you just got here now, but if I'm listening to you,
  63.94-  66.30  you're in a space where you kind of want to get away from all the problems
  66.30-  69.18  and the drama, but I've seen you on, like, your streams and stuff
  69.18-  71.68  when, like, you talking about the gambling stuff with Offset
  71.68-  73.78  and just different, even, like, the Kai Sinat stuff,
  74.00-  77.70  and it brings the drama and the conversation to you at the same time.
  77.76-  79.52  Like, why do you do that if you feel like this?
  79.52-  82.10  Okay, sometimes I be feeling, like, so passionate,
  83.48-  86.14  like, people going to understand me, and then I be like, you know,
  86.14-  90.26  the team will be like never speak never speak but i feel like but i got a point like you feel
  90.26-  94.90  me like yo word two i put it like this right i ain't gonna lie what i thought the world was
  94.90-  99.42  gonna be like oh set you a bum ass feel me because bro word two i got rappers
  99.42- 103.34  no the whole industry is in my dm you see how couple came out anyway my dm laughing
 103.34- 107.76  haha also owe me bread too the whole world is in my dm also owe me bread la la la feel me
 107.76- 111.54  so i'm like bro i'm over here actually for my brother you keep texting me angry texts about
 111.54- 114.98  getting in blood i'm like you wild and broski so i'm thinking it's funny like it also it's a
 114.98- 119.20  bum he over here taking people right running off hey i'll get it back in place i'm like damn
 119.20- 125.44  i thought i thought y'all was gonna fill me for me how about you it was 10k it was nothing
 125.44- 131.16  bro i threw it in the strip club whenever i want to money all right but it's not enough for us for
 131.16- 135.50  me to hate you bro i just feel like you just max disrespecting me but kudos to you bro for me but
 135.50- 140.36  so you why did you i mean y'all cool like that to just say here's 10k i didn't think 10k was that
 140.36- 144.30  10k in his eyes like i didn't think it was a runoff type of 10k was y'all y'all in the casino
 144.30- 144.96  You know, together or something?
 145.16- 146.48  Yeah, I wasn't even better than him.
 146.52- 147.38  He lost his money.
 147.46- 148.74  He was axing, let me tell you what happened.
 148.88- 151.28  He was axing a fucking lady.
 151.58- 152.86  Like, auntie, auntie, let me give you cash.
 152.96- 153.96  He's calling everybody on his phone.
 154.02- 154.90  Nobody giving him no bread.
 155.24- 156.96  He's axing the ladies, like regular people.
 157.14- 158.78  They look like they work nine to five jobs,
 159.00- 159.82  like not no rich people.
 160.12- 162.42  And he told them I'm going to cash out to you in the morning.
 162.48- 164.52  I'm like, you fake tweaking, gang.
 164.70- 166.44  I don't know what make me jump in that algorithm.
 166.80- 167.36  I don't know.
 167.42- 169.00  Give that a five, the next five.
 169.36- 171.22  I probably hit him back for it for my room.
 171.22- 176.98  wrong let me it was I swear to god everybody probably telling me everybody telling me like
 176.98- 182.70  yo bro he playing with you I didn't even care I didn't even care but then when I fake hit him
 182.70- 187.94  about it bro you fake super tough girl man yo you tweaking broski but what did you fake hitting
 187.94- 191.20  him about it when you like yo y'all really want my money you sitting here losing everybody's money
 191.20- 196.14  like no no I fake probably like got spun off like 10 times blah blah blah and then one day
 196.14- 199.66  was in the strip club he just made it rain on everybody he made it rain the whole club
 200.16- 201.06  That's the worst
 201.06- 202.50  Can I tell you something bro
 202.50- 205.34  I don't really like saying stupid shit
 205.34- 207.22  But when I tell you bro
 207.76- 209.24  Everybody looking at me
 209.24- 210.42  Like you gonna let him play
 210.42- 211.82  I'm like leave him bro
 214.60- 217.30  If that story is true though
 217.30- 219.32  It is fucked up when somebody owe you money
 219.32- 219.60  And you like
 219.60- 222.08  Bro the whole world is telling you
 222.08- 224.48  Why no one was coming down to you
 224.48- 226.38  And at that point it ain't about the money
 227.62- 228.88  I'm like damn
 228.88- 229.82  I'm the biggest bitch.
 231.40- 232.88  Rob Markman You were worried about what everybody else
 232.88- 233.30  was thinking.
 233.40- 233.46  Rob Markman Nah.
 233.60- 239.80  I never, to this day, to this day, I think the most I'll try to do, intentionally, was
 239.80- 240.84  call him a bum.
 241.08- 241.60  You feel me?
 241.74- 243.10  Besides that, I don't really care.
 243.24- 244.58  The 10K, that shit in the air, bro.
 244.66- 245.26  Fuck that, bro.
 245.30- 245.84  That's your character.
 246.06- 246.82  I think that, nigga.
 246.90- 248.44  I'm 10 years younger than you, bro.
 248.78- 249.34  You feel me?
 249.40- 250.72  I wouldn't give Cal Rich no money.
 250.80- 253.10  I'm going to feel like a fucking weirdo running off on him.
 253.20- 254.44  He might be two years younger than me.
 254.54- 254.82  You feel me?
 256.14- 257.00  I'm not doing that.
 257.34- 258.68  Rob Markman But y'all, but you and Offset could be
 258.68- 264.42  cool though hell yeah any day he probably like his fans or whatever he about i don't know bro i'm
 264.42- 269.80  working out this music game i'm trying to go up is the beef too far with with certain people to
 269.80- 273.38  to totally squash because you say you don't want beef with nobody right is it too far just to
 273.38- 277.46  so you know what let's end it right here we all making money we're all going our own way we all
 277.46- 282.66  got our own crew it's pull me up on it pull me up on it i ain't tripping i ain't like i ain't got no
 282.66- 286.02  beef when i don't want now i'm not gonna say i don't got because i don't know how anybody looks
 286.02- 286.28  I don't know how everybody looks at me.
 286.40- 286.56  You know what I'm saying?
 286.70- 287.56  I don't know how everybody looks at me.
 287.66- 288.66  Because the first beat where they say,
 288.74- 290.26  you and A Boogie, but y'all do so much.
 290.26- 291.16  Y'all so big for New York.
 291.76- 292.04  Boom.
 292.78- 294.16  Tell A Boogie, come give me a hug.
 294.24- 295.54  I ain't tripping on that shit, man.
 295.80- 296.56  Offset, I love that.
 296.62- 297.16  What about Offset?
 297.72- 299.38  Offset, I'm not tripping on Offset.
 299.50- 300.24  Offset, you know what's crazy?
 300.36- 303.20  Offset, I don't know what's up with Offset.
 303.24- 305.18  Offset just need to come give me a hug too, man.
 305.28- 305.64  I ain't.
 305.84- 308.12  Now, was that over a gambling thing?
 308.38- 309.36  Nothing happened with us.
 309.42- 311.52  I think that my lawyer got to figure that shit out, right?
 311.60- 312.34  My lawyer told me so.
 312.34- 313.40  I'm not even talking about that
 313.40- 313.84  I'm just talking about
 313.84- 314.28  Why y'all
 314.94- 315.90  Don't like each other
 315.90- 316.90  Was that over a gambling date?
 317.04- 317.74  I think that
 317.74- 318.62  Yeah I mean
 318.62- 319.90  I think that a lot of people
 319.90- 320.54  Don't like Offset
 320.54- 321.42  Because he has some
 321.42- 322.46  Gambling problems
 322.46- 323.64  Me I wouldn't even say
 323.64- 324.44  I don't like him
 324.44- 325.26  I would say
 325.26- 326.48  I kind of feel bad for him
 326.48- 327.80  He's kind of fucked up
 328.24- 329.82  I kind of see what's going on
 329.82- 330.26  You feel me
 330.26- 331.44  I see it clear as day
 331.44- 331.76  You know
 331.76- 332.68  And I also look at him
 332.68- 333.54  Like he's supposed to be like
 333.54- 334.42  A more established
 334.42- 335.08  Mature
 335.08- 335.88  In this space
 335.88- 336.60  Artist than me
 336.60- 336.96  You feel me
 336.96- 338.26  And I look at how I maneuver
 338.64- 339.72  Like my security
 340.28- 341.18  I look at everything
 341.18- 341.82  Kind of like
 341.82- 343.28  Like, everything I could see with my own two eyes.
 343.40- 346.68  And then when we run each other, like, I realize, I'm like, bro, you ain't moving like that.
 346.74- 348.88  God, bro, this shit look, like, a little sad.
 349.16- 349.84  You know what I mean?
 350.12- 353.30  Have you fully healed from, you know, what happened in Jersey where you got shot seven times?
 353.38- 354.38  Have you fully healed from that?
 354.44- 358.24  Because that has to be a type of trauma that it's like you're continuously looking over your shoulder.
 358.26- 360.18  You're continuously making sure you make the right moves.
 360.24- 360.98  Have you healed?
 360.98- 361.72  It's crazy, though.
 361.76- 367.78  Like, today, day and age, like, yeah, I be catching myself, like, oh, that PTSD done worn off.
 368.36- 369.42  It worn off already?
 369.68- 371.70  Yeah, it got, like, a lot better.
 371.82- 372.82  It was bad
 372.82- 373.30  It was bad
 373.30- 373.74  You feel me
 373.74- 374.80  It was bad
 374.80- 375.28  You feel me
 375.28- 376.36  And like
 376.36- 377.26  It feels like
 377.26- 378.34  A lot better right now
 378.34- 379.34  I'm like a lot more like
 379.34- 379.70  You know
 379.70- 380.78  Did you do something for it
 380.78- 381.24  Like therapy
 381.24- 382.52  I ain't do nothing
 382.52- 383.48  Like I'm like
 383.48- 384.34  Kind of like an introvert
 384.34- 385.80  I ain't do physical therapy
 385.80- 386.80  I ain't do mental therapy
 386.80- 388.26  I just got the fuck away
 388.26- 388.66  From everybody
 388.66- 389.14  And just
 389.92- 390.68  Figured it out
 390.68- 391.98  So you just isolated yourself
 391.98- 392.52  Yup
 392.52- 393.76  You were by yourself
 393.76- 394.32  The whole time
 394.32- 395.26  Yeah basically
 395.26- 395.62  Yeah
 395.62- 397.12  Do you move differently now
 397.12- 398.30  With that situation happening
 398.30- 399.78  Cause that's a scary situation
 399.78- 400.66  Most people don't
 400.66- 401.62  Don't live off of one shot
 401.62- 404.56  But the fact that you were hit seven times is very serious.
 404.74- 406.18  And actually, you know what's crazy, though?
 406.44- 407.80  I actually might have been more.
 407.88- 408.94  You know when the hospital reports say more?
 409.76- 412.72  The news headline, seven, and I just let it rock.
 412.86- 413.70  I just left it at seven.
 413.80- 414.78  I ain't fucking with you on seven.
 414.80- 415.54  How many times was it, though?
 416.14- 417.20  It was like eight, nine.
 417.28- 417.68  But you know this?
 417.94- 419.96  I got fucking mad holes and shit.
 420.08- 421.72  So I damn near don't think the doctors know,
 421.74- 422.88  because some of them shit was going through me.
 423.38- 423.80  Feel me?
 424.44- 427.78  How long did it take you to get up and start moving regularly?
 427.98- 428.92  Yo, you want to know something?
 429.20- 429.38  What?
 429.56- 430.48  You think I'm lying.
 431.82- 433.08  Which means you probably are
 435.14- 435.94  Yo where's
 435.94- 438.06  I know how crazy it's gonna sound
 438.06- 439.84  Look I was on my feet
 439.84- 440.46  I was on my feet
 440.46- 440.94  Probably like
 440.94- 442.74  From the moment I could
 442.74- 442.98  Like
 442.98- 444.22  From the moment I was alert
 444.22- 445.60  And I just tried to get on my feet
 445.60- 446.20  I got on my feet
 446.20- 447.24  And I got into
 447.24- 448.14  I was gonna say a fight
 448.14- 449.08  But damn near
 449.08- 450.18  With the doctor
 450.18- 451.20  For getting on my feet
 451.20- 452.06  He caught me on my feet
 452.06- 453.44  You were in a coma for five days
 453.44- 453.98  I'm like yo
 453.98- 455.16  I gotta stand up
 455.16- 455.98  La la la
 455.98- 457.70  And nigga he spanked me out
 458.88- 459.90  He spanked you out
 463.30- 465.10  I got into it with the doctor
 465.10- 466.86  cause I was trying to get up on my feet
 466.86- 467.96  and he was telling me I'm chill
 468.56- 470.32  what's going on in this spot
 470.32- 472.24  he said he spanked you
 472.24- 473.18  you know when you in the hospital
 473.18- 474.94  you got the fucking gown on
 474.94- 476.18  you see what he be thinking
 478.04- 479.64  you see what he be thinking
 479.64- 480.76  he spanked you bro
 480.76- 485.92  do you think trauma changes people
 485.92- 488.20  or just reveals who they already were
 488.20- 488.38  Where?
 489.48- 491.98  Nah, it can super change you.
 492.10- 492.72  You feel me?
 492.82- 495.36  It can super change you as a person.
 495.44- 495.92  You know what I'm saying?
 496.50- 499.40  And I feel like what the world's seeing
 499.40- 501.00  was me go through something traumatic
 501.00- 502.74  and me change in front of them.
 502.86- 505.14  And then I feel like they judge me a little cruelly,
 505.24- 506.34  but it's over now.
 506.54- 508.14  But I think that's kind of what happened,
 508.20- 508.64  what was going on.
 509.66- 511.74  I see your call call you inspirational, right?
 511.84- 513.86  But then they'll see the headlines with the bullshit.
 514.12- 515.32  Do you feel misunderstood
 515.32- 516.94  or do you think you've made it easy
 516.94- 517.90  for people to misunderstand?
 518.20- 523.08  I think a lot of people misunderstand me, and I think a lot of people 100% understand
 523.08- 523.52  me.
 523.66- 529.32  And the people that understand me might not have as much of a voice in a comment section
 529.32- 532.20  or a headline, you know what I'm saying?
 532.36- 536.04  But I think a lot of people understand me to a certain extent.
 536.30- 541.48  But the reason why the name of the album is, They Just Ain't True, is I realize the way
 541.48- 546.06  I think from the ground up is very different to the average person.
 546.32- 547.38  Rob Markman, We definitely are different.
 547.38- 549.62  Did you really remove a bullet out your neck?
 550.04- 551.46  Yeah, while I was wide awoke.
 551.60- 554.16  Because you didn't want to go back under anesthesia.
 554.22- 554.50  Yeah.
 554.88- 556.54  You did it with a scalpel and numbing cream.
 556.70- 557.34  I didn't do it.
 557.40- 559.06  But the doctor did it, and I was wide awoke.
 559.16- 560.58  And I'm like, nah, I'm not going to sleep.
 561.54- 561.86  Wow.
 561.92- 563.12  That changes the whole story.
 563.22- 564.58  I thought you was on some Rambo shit.
 565.50- 566.44  I ain't never said that.
 566.60- 568.06  I was catching it.
 568.12- 569.14  You said, I didn't.
 569.14- 569.68  No, I don't know.
 569.74- 570.24  I ain't do that shit.
 570.30- 570.86  I don't know.
 570.94- 571.92  I ain't fry like that.
 573.88- 576.12  You just said that you spent a lot of time alone.
 576.62- 576.94  Yeah.
 576.94- 580.60  And sometimes you got to do that even with the people you come from.
 580.66- 581.68  Because I feel safe alone.
 582.08- 585.44  I feel like me chilling with you might be a liability for me.
 585.64- 590.30  Just because we just live two different lifestyles and I think differently from ground up than you,
 590.36- 592.68  you might put me in harm's way and not even realize it.
 592.74- 594.12  So cut them people off.
 594.34- 595.46  No, but that's you.
 596.06- 596.86  It could be you.
 596.90- 598.22  It could be you, Charlamagne, right now.
 598.84- 601.34  Charlamagne ain't going to put you in a place where you feel like your life is threatened.
 601.38- 601.62  No.
 601.68- 603.28  Envy ain't going to put you in a place where you feel like your life is threatened.
 603.62- 603.98  Intentionally.
 604.08- 605.34  No, we got too much to lose.
 605.34- 610.14  I don't want to sound tough or none of that, but I'm dramatically different from the average
 610.14- 610.58  person.
 610.76- 610.98  You feel me?
 611.32- 614.86  It's to a certain extent, the security don't even got it in him nine times out of 10.
 615.36- 615.94  You feel me?
 615.98- 616.44  What I'm going to do?
 616.50- 617.44  I'm going to put you to the test.
 617.54- 620.52  You'll go in the street and let me see you in extreme situation.
 620.84- 621.16  You feel me?
 622.36- 625.02  Sometimes you got to fight fire with fire.
 625.20- 628.32  Sometimes I be around the bros and I be like, bro, y'all annoying me.
 628.40- 628.68  You feel me?
 628.74- 629.26  And they know that.
 629.28- 629.80  They know that.
 629.82- 630.28  We talk to them.
 630.36- 631.12  I be like, I love y'all, bro.
 631.18- 632.00  I want y'all to do better, bro.
 632.00- 637.16  but like y'all is annoying like y'all in a way for me but to a certain extent you just kind of like
 637.16- 642.02  you need to balance it it's just because i can't change this is like my life like this is like
 642.02- 646.18  you feel me you know but that's how i feel you'll be singing a totally different tune in five years
 646.18- 651.38  you're guaranteed hopefully so yeah but you you had conversation with 50 and i heard you
 651.38- 656.52  say you speak to him after you got you got shot before right yeah he's the perfect example of
 656.52- 661.16  that because he had the same thing he couldn't any way he moved it was on his ass and he had
 661.16- 665.82  to move militant in a way where it protected them how would those conversations happen or work um
 665.82- 672.02  with 50 cent yeah you know i just i feel like me and 50 cent is a little different though you feel
 672.02- 676.14  me and it's crazy though because i did that little old 50 cent many men remix i don't know who's
 676.14- 680.14  gassed me i was i just went high as i press upload like what the
 682.06- 688.08  but in reality i do feel like we different it's certain things for example that like like
 688.08- 690.16  Like, you know, it's just like, it's just my shoes.
 691.16- 691.80  You feel me?
 691.88- 695.62  And I feel like 50 Cent just did certain things that I just probably wouldn't do in my life.
 695.76- 696.04  Like what?
 698.16- 701.84  I think that 50 Cent is like the big, like, gangster image.
 702.04- 703.26  Like, you feel me?
 703.38- 705.56  A role model of the rap career.
 705.70- 709.66  And it's like almost even me, like, being a younger person, I was like falling into it a little bit.
 709.72- 710.94  Like, you know, I fuck with 50 too.
 711.12- 711.66  You feel me?
 711.72- 712.12  Like, yeah, yeah.
 712.20- 715.84  But then when I actually use my own two eyes and I'm like, all right, a lot of the shit he do,
 715.84- 717.10  I feel like at his age
 717.10- 717.98  I would not be doing
 717.98- 719.14  You know what I'm trying to say
 719.14- 720.82  I get way more past
 720.82- 721.32  I'm 24
 721.32- 721.66  25
 721.66- 722.62  You feel me
 722.62- 723.48  A lot of shit he do
 723.48- 724.02  I would not do
 724.02- 724.40  You feel me
 724.40- 724.76  I'm trying to say
 725.12- 726.26  Now you say he too old
 726.26- 727.58  For the trolling that he does
 727.58- 727.84  Yeah
 727.84- 728.66  You feel me
 729.40- 730.86  He got me on 25 years
 730.86- 731.70  You feel me
 731.70- 733.54  I feel like he didn't
 733.54- 734.54  Come down to this level
 734.54- 735.58  And troll me right now
 736.26- 736.98  Big 50
 738.56- 739.64  That's what he want to do
 739.64- 742.50  Every day I wake up
 742.50- 743.62  Wake your ass up
 743.62- 744.46  The Breakfast Club
 744.46- 745.84  Y'all finished or y'all done?
DONE 912.0900428295135
